C:\projects\ShowCase2Mo410Test\Temp\Includes\AS_TempDecl\Config1\GlobalComponents\MpComponents.var
C:\projects\ShowCase2Mo410Test\Temp\Includes\AS_TempDecl\Config1\GlobalComponents\McElements.var
C:\projects\ShowCase2Mo410Test\Logical\Global.typ
C:\projects\ShowCase2Mo410Test\Logical\Global.var
C:\projects\ShowCase2Mo410Test\Logical\MNG_Global.typ
C:\projects\ShowCase2Mo410Test\Logical\Libraries\operator\operator.fun
C:\projects\ShowCase2Mo410Test\Logical\Libraries\operator\operator.typ
C:\projects\ShowCase2Mo410Test\Logical\Libraries\operator\operator.var
C:\projects\ShowCase2Mo410Test\Logical\Libraries\runtime\runtime.fun
C:\projects\ShowCase2Mo410Test\Logical\Libraries\runtime\runtime.typ
C:\projects\ShowCase2Mo410Test\Logical\Libraries\runtime\runtime.var
C:\projects\ShowCase2Mo410Test\Logical\Libraries\astime\astime.fun
C:\projects\ShowCase2Mo410Test\Logical\Libraries\astime\astime.typ
C:\projects\ShowCase2Mo410Test\Logical\Libraries\astime\astime.var
C:\projects\ShowCase2Mo410Test\Logical\Libraries\AsIecCon\AsIecCon.fun
C:\projects\ShowCase2Mo410Test\Logical\Libraries\AsIecCon\AsIecCon.typ
C:\projects\ShowCase2Mo410Test\Logical\Libraries\AsIecCon\AsIecCon.var
C:\projects\ShowCase2Mo410Test\Logical\Libraries\brsystem\brsystem.fun
C:\projects\ShowCase2Mo410Test\Logical\Libraries\brsystem\brsystem.typ
C:\projects\ShowCase2Mo410Test\Logical\Libraries\brsystem\brsystem.var
C:\projects\ShowCase2Mo410Test\Logical\Libraries\sys_lib\sys_lib.fun
C:\projects\ShowCase2Mo410Test\Logical\Libraries\sys_lib\sys_lib.typ
C:\projects\ShowCase2Mo410Test\Logical\Libraries\sys_lib\sys_lib.var
C:\projects\ShowCase2Mo410Test\Logical\Libraries\AsTCP\AsTCP.fun
C:\projects\ShowCase2Mo410Test\Logical\Libraries\AsTCP\AsTCP.typ
C:\projects\ShowCase2Mo410Test\Logical\Libraries\AsTCP\AsTCP.var
C:\projects\ShowCase2Mo410Test\Logical\Libraries\standard\standard.fun
C:\projects\ShowCase2Mo410Test\Logical\Libraries\standard\standard.typ
C:\projects\ShowCase2Mo410Test\Logical\Libraries\standard\standard.var
C:\projects\ShowCase2Mo410Test\Logical\Libraries\AsArLog\AsArLog.fun
C:\projects\ShowCase2Mo410Test\Logical\Libraries\AsArLog\AsArLog.typ
C:\projects\ShowCase2Mo410Test\Logical\Libraries\AsArLog\AsArLog.var
C:\projects\ShowCase2Mo410Test\Logical\Libraries\AsBrStr\AsBrStr.fun
C:\projects\ShowCase2Mo410Test\Logical\Libraries\AsBrStr\AsBrStr.typ
C:\projects\ShowCase2Mo410Test\Logical\Libraries\AsBrStr\AsBrStr.var
C:\projects\ShowCase2Mo410Test\Logical\Libraries\MpRecipe\MpRecipe.typ
C:\projects\ShowCase2Mo410Test\Logical\Libraries\MpRecipe\MpRecipeAlarm.typ
C:\projects\ShowCase2Mo410Test\Logical\Libraries\MpRecipe\MpRecipeError.typ
C:\projects\ShowCase2Mo410Test\Logical\Libraries\MpRecipe\MpRecipe.fun
C:\projects\ShowCase2Mo410Test\Logical\Libraries\MpBase\MpBase.var
C:\projects\ShowCase2Mo410Test\Logical\Libraries\MpBase\MpBase.typ
C:\projects\ShowCase2Mo410Test\Logical\Libraries\MpBase\MpBase.fun
C:\projects\ShowCase2Mo410Test\Logical\Libraries\McBase\McBase.typ
C:\projects\ShowCase2Mo410Test\Logical\Libraries\McBase\McBase.fun
C:\projects\ShowCase2Mo410Test\Logical\Libraries\McBase\McBase.var
C:\projects\ShowCase2Mo410Test\Logical\Libraries\McBase\McBaseCfg.typ
C:\projects\ShowCase2Mo410Test\Logical\Libraries\MTBasics\MTBasics.fun
C:\projects\ShowCase2Mo410Test\Logical\Libraries\MTBasics\MTBasics.typ
C:\projects\ShowCase2Mo410Test\Logical\Libraries\MTBasics\MTBasics.var
C:\projects\ShowCase2Mo410Test\Logical\Libraries\MTTypes\MTTypes.fun
C:\projects\ShowCase2Mo410Test\Logical\Libraries\MTTypes\MTTypes.typ
C:\projects\ShowCase2Mo410Test\Logical\Libraries\MTTypes\MTTypes.var
C:\projects\ShowCase2Mo410Test\Logical\Libraries\CoTrace\CoTrace.fun
C:\projects\ShowCase2Mo410Test\Logical\Libraries\CoTrace\CoTrace.typ
C:\projects\ShowCase2Mo410Test\Logical\Libraries\CoTrace\CoTrace.var
C:\projects\ShowCase2Mo410Test\Logical\Libraries\AsZip\AsZip.fun
C:\projects\ShowCase2Mo410Test\Logical\Libraries\AsZip\AsZip.typ
C:\projects\ShowCase2Mo410Test\Logical\Libraries\AsZip\AsZip.var
C:\projects\ShowCase2Mo410Test\Logical\Libraries\FileIO\FileIO.fun
C:\projects\ShowCase2Mo410Test\Logical\Libraries\FileIO\FileIO.typ
C:\projects\ShowCase2Mo410Test\Logical\Libraries\FileIO\FileIO.var
C:\projects\ShowCase2Mo410Test\Logical\Libraries\MpAxis\MpAxis.fun
C:\projects\ShowCase2Mo410Test\Logical\Libraries\MpAxis\MpAxis.typ
C:\projects\ShowCase2Mo410Test\Logical\Libraries\MpAxis\MpAxisError.typ
C:\projects\ShowCase2Mo410Test\Logical\Libraries\McAxis\McAxis.typ
C:\projects\ShowCase2Mo410Test\Logical\Libraries\McAxis\McAxis.fun
C:\projects\ShowCase2Mo410Test\Logical\Libraries\McAxis\McAxis.var
C:\projects\ShowCase2Mo410Test\Logical\Libraries\McAxis\McAxisCfg.typ
C:\projects\ShowCase2Mo410Test\Logical\Libraries\McAcpAx\McAcpAx.typ
C:\projects\ShowCase2Mo410Test\Logical\Libraries\McAcpAx\McAcpAx.fun
C:\projects\ShowCase2Mo410Test\Logical\Libraries\McAcpAx\McAcpAx.var
C:\projects\ShowCase2Mo410Test\Logical\Libraries\McAcpAx\McAcpAxCfg.typ
C:\projects\ShowCase2Mo410Test\Logical\Libraries\ComTCP\MNG_Package.typ
C:\projects\ShowCase2Mo410Test\Logical\Libraries\ComTCP\MNG_Package.var
